Archive member included to satisfy reference by file (symbol)

c:/program files (x86)/atmel/studio/7.0/toolchain/avr8/avr8-gnu-toolchain/bin/../lib/gcc/avr/5.4.0/avr5\libgcc.a(_exit.o)
                              C:/Program Files (x86)/Atmel/Studio/7.0/Packs/atmel/ATmega_DFP/1.2.132/gcc/dev/atmega32/avr5/crtatmega32.o (exit)
c:/program files (x86)/atmel/studio/7.0/toolchain/avr8/avr8-gnu-toolchain/bin/../lib/gcc/avr/5.4.0/avr5\libgcc.a(_tablejump2.o)
                              KeyPad.o (__tablejump2__)
c:/program files (x86)/atmel/studio/7.0/toolchain/avr8/avr8-gnu-toolchain/bin/../lib/gcc/avr/5.4.0/avr5\libgcc.a(_clear_bss.o)
                              ISRs.o (__do_clear_bss)

Discarded input sections

 .data          0x00000000        0x0 C:/Program Files (x86)/Atmel/Studio/7.0/Packs/atmel/ATmega_DFP/1.2.132/gcc/dev/atmega32/avr5/crtatmega32.o
 .bss           0x00000000        0x0 C:/Program Files (x86)/Atmel/Studio/7.0/Packs/atmel/ATmega_DFP/1.2.132/gcc/dev/atmega32/avr5/crtatmega32.o
 .text          0x00000000        0x0 Dio.o
 .data          0x00000000        0x0 Dio.o
 .bss           0x00000000        0x0 Dio.o
 .text.Dio_PortSetDirection
                0x00000000       0x2e Dio.o
 .text.Dio_PinSetDirection
                0x00000000      0x116 Dio.o
 .text.Dio_PortFlipDirection
                0x00000000       0x3e Dio.o
 .text.Dio_PinFlipDirection
                0x00000000       0x76 Dio.o
 .text.Dio_GroupFlipDirection
                0x00000000       0x66 Dio.o
 .text.Dio_GroupWrite
                0x00000000       0x5e Dio.o
 .text.Dio_PortFlip
                0x00000000       0x3e Dio.o
 .text.Dio_PinFlip
                0x00000000       0x76 Dio.o
 .text.Dio_GroupFlip
                0x00000000       0x66 Dio.o
 .text.Dio_PortRead
                0x00000000       0x3e Dio.o
 .text.Dio_PinRead
                0x00000000       0x76 Dio.o
 .text.Dio_GroupRead
                0x00000000       0x46 Dio.o
 .text.Dio_PortPullupState
                0x00000000       0x2e Dio.o
 .text.Dio_PinPullupState
                0x00000000      0x116 Dio.o
 .text.Dio_GroupPullupState
                0x00000000       0x5e Dio.o
 .text.Dio_PortPullupStateFlip
                0x00000000       0x3e Dio.o
 .text.Dio_PinPullupStateFlip
                0x00000000       0x76 Dio.o
 .text.Dio_GroupPullupStateFlip
                0x00000000       0x66 Dio.o
 .text          0x00000000        0x0 ISRs.o
 .data          0x00000000        0x0 ISRs.o
 .bss           0x00000000        0x0 ISRs.o
 .text          0x00000000        0x0 KeyPad.o
 .data          0x00000000        0x0 KeyPad.o
 .bss           0x00000000        0x0 KeyPad.o
 .text.KeyPad_Init
                0x00000000       0x2a KeyPad.o
 .text.KeyPad_GetNumber
                0x00000000      0x172 KeyPad.o
 .progmem.gcc_sw_table.KeyPad_GetNumber
                0x00000000       0xf0 KeyPad.o
 .debug_info    0x00000000      0x3e9 KeyPad.o
 .debug_abbrev  0x00000000      0x15b KeyPad.o
 .debug_loc     0x00000000      0x395 KeyPad.o
 .debug_aranges
                0x00000000       0x28 KeyPad.o
 .debug_ranges  0x00000000       0x18 KeyPad.o
 .debug_line    0x00000000      0x233 KeyPad.o
 .debug_str     0x00000000      0x28b KeyPad.o
 .comment       0x00000000       0x31 KeyPad.o
 .debug_frame   0x00000000       0x54 KeyPad.o
 .text          0x00000000        0x0 LCD.o
 .data          0x00000000        0x0 LCD.o
 .bss           0x00000000        0x0 LCD.o
 .text          0x00000000        0x0 LED.o
 .data          0x00000000        0x0 LED.o
 .bss           0x00000000        0x0 LED.o
 .text.LED_Init
                0x00000000       0x20 LED.o
 .text.LED_Write
                0x00000000        0x6 LED.o
 .debug_info    0x00000000      0x1c1 LED.o
 .debug_abbrev  0x00000000       0xb9 LED.o
 .debug_loc     0x00000000       0x63 LED.o
 .debug_aranges
                0x00000000       0x28 LED.o
 .debug_ranges  0x00000000       0x18 LED.o
 .debug_line    0x00000000       0x76 LED.o
 .debug_str     0x00000000      0x1fb LED.o
 .comment       0x00000000       0x31 LED.o
 .debug_frame   0x00000000       0x34 LED.o
 .text          0x00000000        0x0 main.o
 .data          0x00000000        0x0 main.o
 .bss           0x00000000        0x0 main.o
 .text          0x00000000        0x0 PushButton.o
 .data          0x00000000        0x0 PushButton.o
 .bss           0x00000000        0x0 PushButton.o
 .text.PushButton_Init
                0x00000000       0x20 PushButton.o
 .text.PushButton_Read
                0x00000000        0x6 PushButton.o
 .debug_info    0x00000000      0x1cc PushButton.o
 .debug_abbrev  0x00000000       0xc2 PushButton.o
 .debug_loc     0x00000000       0x68 PushButton.o
 .debug_aranges
                0x00000000       0x28 PushButton.o
 .debug_ranges  0x00000000       0x18 PushButton.o
 .debug_line    0x00000000       0x7d PushButton.o
 .debug_str     0x00000000      0x20e PushButton.o
 .comment       0x00000000       0x31 PushButton.o
 .debug_frame   0x00000000       0x34 PushButton.o
 .text          0x00000000        0x0 SevenSegement.o
 .data          0x00000000        0x0 SevenSegement.o
 .bss           0x00000000        0x0 SevenSegement.o
 .text.SevenSegement_Init
                0x00000000       0x20 SevenSegement.o
 .text.SevenSegement_State
                0x00000000       0x5c SevenSegement.o
 .text.SevenSegement_Write
                0x00000000       0x88 SevenSegement.o
 .text.SevenSegement_Refresh
                0x00000000       0x30 SevenSegement.o
 .bss.CH2Value  0x00000000        0x1 SevenSegement.o
 .bss.CH1Value  0x00000000        0x1 SevenSegement.o
 .debug_info    0x00000000      0x53d SevenSegement.o
 .debug_abbrev  0x00000000      0x188 SevenSegement.o
 .debug_loc     0x00000000      0x35e SevenSegement.o
 .debug_aranges
                0x00000000       0x38 SevenSegement.o
 .debug_ranges  0x00000000       0x28 SevenSegement.o
 .debug_line    0x00000000      0x2ae SevenSegement.o
 .debug_str     0x00000000      0x2d4 SevenSegement.o
 .comment       0x00000000       0x31 SevenSegement.o
 .debug_frame   0x00000000       0x5c SevenSegement.o
 .text          0x00000000        0x0 StringHandler.o
 .data          0x00000000        0x0 StringHandler.o
 .bss           0x00000000        0x0 StringHandler.o
 .text.HEX2String
                0x00000000       0x30 StringHandler.o
 .text          0x00000000        0x0 c:/program files (x86)/atmel/studio/7.0/toolchain/avr8/avr8-gnu-toolchain/bin/../lib/gcc/avr/5.4.0/avr5\libgcc.a(_exit.o)
 .data          0x00000000        0x0 c:/program files (x86)/atmel/studio/7.0/toolchain/avr8/avr8-gnu-toolchain/bin/../lib/gcc/avr/5.4.0/avr5\libgcc.a(_exit.o)
 .bss           0x00000000        0x0 c:/program files (x86)/atmel/studio/7.0/toolchain/avr8/avr8-gnu-toolchain/bin/../lib/gcc/avr/5.4.0/avr5\libgcc.a(_exit.o)
 .text.libgcc.mul
                0x00000000        0x0 c:/program files (x86)/atmel/studio/7.0/toolchain/avr8/avr8-gnu-toolchain/bin/../lib/gcc/avr/5.4.0/avr5\libgcc.a(_exit.o)
 .text.libgcc.div
                0x00000000        0x0 c:/program files (x86)/atmel/studio/7.0/toolchain/avr8/avr8-gnu-toolchain/bin/../lib/gcc/avr/5.4.0/avr5\libgcc.a(_exit.o)
 .text.libgcc   0x00000000        0x0 c:/program files (x86)/atmel/studio/7.0/toolchain/avr8/avr8-gnu-toolchain/bin/../lib/gcc/avr/5.4.0/avr5\libgcc.a(_exit.o)
 .text.libgcc.prologue
                0x00000000        0x0 c:/program files (x86)/atmel/studio/7.0/toolchain/avr8/avr8-gnu-toolchain/bin/../lib/gcc/avr/5.4.0/avr5\libgcc.a(_exit.o)
 .text.libgcc.builtins
                0x00000000        0x0 c:/program files (x86)/atmel/studio/7.0/toolchain/avr8/avr8-gnu-toolchain/bin/../lib/gcc/avr/5.4.0/avr5\libgcc.a(_exit.o)
 .text.libgcc.fmul
                0x00000000        0x0 c:/program files (x86)/atmel/studio/7.0/toolchain/avr8/avr8-gnu-toolchain/bin/../lib/gcc/avr/5.4.0/avr5\libgcc.a(_exit.o)
 .text.libgcc.fixed
                0x00000000        0x0 c:/program files (x86)/atmel/studio/7.0/toolchain/avr8/avr8-gnu-toolchain/bin/../lib/gcc/avr/5.4.0/avr5\libgcc.a(_exit.o)
 .text          0x00000000        0x0 c:/program files (x86)/atmel/studio/7.0/toolchain/avr8/avr8-gnu-toolchain/bin/../lib/gcc/avr/5.4.0/avr5\libgcc.a(_tablejump2.o)
 .data          0x00000000        0x0 c:/program files (x86)/atmel/studio/7.0/toolchain/avr8/avr8-gnu-toolchain/bin/../lib/gcc/avr/5.4.0/avr5\libgcc.a(_tablejump2.o)
 .bss           0x00000000        0x0 c:/program files (x86)/atmel/studio/7.0/toolchain/avr8/avr8-gnu-toolchain/bin/../lib/gcc/avr/5.4.0/avr5\libgcc.a(_tablejump2.o)
 .text.libgcc.mul
                0x00000000        0x0 c:/program files (x86)/atmel/studio/7.0/toolchain/avr8/avr8-gnu-toolchain/bin/../lib/gcc/avr/5.4.0/avr5\libgcc.a(_tablejump2.o)
 .text.libgcc.div
                0x00000000        0x0 c:/program files (x86)/atmel/studio/7.0/toolchain/avr8/avr8-gnu-toolchain/bin/../lib/gcc/avr/5.4.0/avr5\libgcc.a(_tablejump2.o)
 .text.libgcc   0x00000000        0xc c:/program files (x86)/atmel/studio/7.0/toolchain/avr8/avr8-gnu-toolchain/bin/../lib/gcc/avr/5.4.0/avr5\libgcc.a(_tablejump2.o)
 .text.libgcc.prologue
                0x00000000        0x0 c:/program files (x86)/atmel/studio/7.0/toolchain/avr8/avr8-gnu-toolchain/bin/../lib/gcc/avr/5.4.0/avr5\libgcc.a(_tablejump2.o)
 .text.libgcc.builtins
                0x00000000        0x0 c:/program files (x86)/atmel/studio/7.0/toolchain/avr8/avr8-gnu-toolchain/bin/../lib/gcc/avr/5.4.0/avr5\libgcc.a(_tablejump2.o)
 .text.libgcc.fmul
                0x00000000        0x0 c:/program files (x86)/atmel/studio/7.0/toolchain/avr8/avr8-gnu-toolchain/bin/../lib/gcc/avr/5.4.0/avr5\libgcc.a(_tablejump2.o)
 .text.libgcc.fixed
                0x00000000        0x0 c:/program files (x86)/atmel/studio/7.0/toolchain/avr8/avr8-gnu-toolchain/bin/../lib/gcc/avr/5.4.0/avr5\libgcc.a(_tablejump2.o)
 .text          0x00000000        0x0 c:/program files (x86)/atmel/studio/7.0/toolchain/avr8/avr8-gnu-toolchain/bin/../lib/gcc/avr/5.4.0/avr5\libgcc.a(_clear_bss.o)
 .data          0x00000000        0x0 c:/program files (x86)/atmel/studio/7.0/toolchain/avr8/avr8-gnu-toolchain/bin/../lib/gcc/avr/5.4.0/avr5\libgcc.a(_clear_bss.o)
 .bss           0x00000000        0x0 c:/program files (x86)/atmel/studio/7.0/toolchain/avr8/avr8-gnu-toolchain/bin/../lib/gcc/avr/5.4.0/avr5\libgcc.a(_clear_bss.o)
 .text.libgcc.mul
                0x00000000        0x0 c:/program files (x86)/atmel/studio/7.0/toolchain/avr8/avr8-gnu-toolchain/bin/../lib/gcc/avr/5.4.0/avr5\libgcc.a(_clear_bss.o)
 .text.libgcc.div
                0x00000000        0x0 c:/program files (x86)/atmel/studio/7.0/toolchain/avr8/avr8-gnu-toolchain/bin/../lib/gcc/avr/5.4.0/avr5\libgcc.a(_clear_bss.o)
 .text.libgcc   0x00000000        0x0 c:/program files (x86)/atmel/studio/7.0/toolchain/avr8/avr8-gnu-toolchain/bin/../lib/gcc/avr/5.4.0/avr5\libgcc.a(_clear_bss.o)
 .text.libgcc.prologue
                0x00000000        0x0 c:/program files (x86)/atmel/studio/7.0/toolchain/avr8/avr8-gnu-toolchain/bin/../lib/gcc/avr/5.4.0/avr5\libgcc.a(_clear_bss.o)
 .text.libgcc.builtins
                0x00000000        0x0 c:/program files (x86)/atmel/studio/7.0/toolchain/avr8/avr8-gnu-toolchain/bin/../lib/gcc/avr/5.4.0/avr5\libgcc.a(_clear_bss.o)
 .text.libgcc.fmul
                0x00000000        0x0 c:/program files (x86)/atmel/studio/7.0/toolchain/avr8/avr8-gnu-toolchain/bin/../lib/gcc/avr/5.4.0/avr5\libgcc.a(_clear_bss.o)
 .text.libgcc.fixed
                0x00000000        0x0 c:/program files (x86)/atmel/studio/7.0/toolchain/avr8/avr8-gnu-toolchain/bin/../lib/gcc/avr/5.4.0/avr5\libgcc.a(_clear_bss.o)

Memory Configuration

Name             Origin             Length             Attributes
text             0x00000000         0x00020000         xr
data             0x00800060         0x0000ffa0         rw !x
eeprom           0x00810000         0x00010000         rw !x
fuse             0x00820000         0x00000002         rw !x
lock             0x00830000         0x00000400         rw !x
signature        0x00840000         0x00000400         rw !x
user_signatures  0x00850000         0x00000400         rw !x
*default*        0x00000000         0xffffffff

Linker script and memory map

LOAD C:/Program Files (x86)/Atmel/Studio/7.0/Packs/atmel/ATmega_DFP/1.2.132/gcc/dev/atmega32/avr5/crtatmega32.o
LOAD Dio.o
LOAD ISRs.o
LOAD KeyPad.o
LOAD LCD.o
LOAD LED.o
LOAD main.o
LOAD PushButton.o
LOAD SevenSegement.o
LOAD StringHandler.o
START GROUP
LOAD c:/program files (x86)/atmel/studio/7.0/toolchain/avr8/avr8-gnu-toolchain/bin/../lib/gcc/avr/5.4.0/../../../../avr/lib/avr5\libm.a
END GROUP
START GROUP
LOAD c:/program files (x86)/atmel/studio/7.0/toolchain/avr8/avr8-gnu-toolchain/bin/../lib/gcc/avr/5.4.0/avr5\libgcc.a
LOAD c:/program files (x86)/atmel/studio/7.0/toolchain/avr8/avr8-gnu-toolchain/bin/../lib/gcc/avr/5.4.0/../../../../avr/lib/avr5\libm.a
LOAD c:/program files (x86)/atmel/studio/7.0/toolchain/avr8/avr8-gnu-toolchain/bin/../lib/gcc/avr/5.4.0/../../../../avr/lib/avr5\libc.a
LOAD C:/Program Files (x86)/Atmel/Studio/7.0/Packs/atmel/ATmega_DFP/1.2.132/gcc/dev/atmega32/avr5\libatmega32.a
END GROUP
                0x00020000                __TEXT_REGION_LENGTH__ = DEFINED (__TEXT_REGION_LENGTH__)?__TEXT_REGION_LENGTH__:0x20000
                0x0000ffa0                __DATA_REGION_LENGTH__ = DEFINED (__DATA_REGION_LENGTH__)?__DATA_REGION_LENGTH__:0xffa0
                0x00010000                __EEPROM_REGION_LENGTH__ = DEFINED (__EEPROM_REGION_LENGTH__)?__EEPROM_REGION_LENGTH__:0x10000
                [0x00000002]                __FUSE_REGION_LENGTH__ = DEFINED (__FUSE_REGION_LENGTH__)?__FUSE_REGION_LENGTH__:0x400
                0x00000400                __LOCK_REGION_LENGTH__ = DEFINED (__LOCK_REGION_LENGTH__)?__LOCK_REGION_LENGTH__:0x400
                0x00000400                __SIGNATURE_REGION_LENGTH__ = DEFINED (__SIGNATURE_REGION_LENGTH__)?__SIGNATURE_REGION_LENGTH__:0x400
                0x00000400                __USER_SIGNATURE_REGION_LENGTH__ = DEFINED (__USER_SIGNATURE_REGION_LENGTH__)?__USER_SIGNATURE_REGION_LENGTH__:0x400

.hash
 *(.hash)

.dynsym
 *(.dynsym)

.dynstr
 *(.dynstr)

.gnu.version
 *(.gnu.version)

.gnu.version_d
 *(.gnu.version_d)

.gnu.version_r
 *(.gnu.version_r)

.rel.init
 *(.rel.init)

.rela.init
 *(.rela.init)

.rel.text
 *(.rel.text)
 *(.rel.text.*)
 *(.rel.gnu.linkonce.t*)

.rela.text
 *(.rela.text)
 *(.rela.text.*)
 *(.rela.gnu.linkonce.t*)

.rel.fini
 *(.rel.fini)

.rela.fini
 *(.rela.fini)

.rel.rodata
 *(.rel.rodata)
 *(.rel.rodata.*)
 *(.rel.gnu.linkonce.r*)

.rela.rodata
 *(.rela.rodata)
 *(.rela.rodata.*)
 *(.rela.gnu.linkonce.r*)

.rel.data
 *(.rel.data)
 *(.rel.data.*)
 *(.rel.gnu.linkonce.d*)

.rela.data
 *(.rela.data)
 *(.rela.data.*)
 *(.rela.gnu.linkonce.d*)

.rel.ctors
 *(.rel.ctors)

.rela.ctors
 *(.rela.ctors)

.rel.dtors
 *(.rel.dtors)

.rela.dtors
 *(.rela.dtors)

.rel.got
 *(.rel.got)

.rela.got
 *(.rela.got)

.rel.bss
 *(.rel.bss)

.rela.bss
 *(.rela.bss)

.rel.plt
 *(.rel.plt)

.rela.plt
 *(.rela.plt)

.text           0x00000000      0x434
 *(.vectors)
 .vectors       0x00000000       0x54 C:/Program Files (x86)/Atmel/Studio/7.0/Packs/atmel/ATmega_DFP/1.2.132/gcc/dev/atmega32/avr5/crtatmega32.o
                0x00000000                __vector_default
                0x00000000                __vectors
 *(.vectors)
 *(.progmem.gcc*)
                0x00000054                . = ALIGN (0x2)
                0x00000054                __trampolines_start = .
 *(.trampolines)
 .trampolines   0x00000054        0x0 linker stubs
 *(.trampolines*)
                0x00000054                __trampolines_end = .
 *libprintf_flt.a:*(.progmem.data)
 *libc.a:*(.progmem.data)
 *(.progmem*)
                0x00000054                . = ALIGN (0x2)
 *(.jumptables)
 *(.jumptables*)
 *(.lowtext)
 *(.lowtext*)
                0x00000054                __ctors_start = .
 *(.ctors)
                0x00000054                __ctors_end = .
                0x00000054                __dtors_start = .
 *(.dtors)
                0x00000054                __dtors_end = .
 SORT(*)(.ctors)
 SORT(*)(.dtors)
 *(.init0)
 .init0         0x00000054        0x0 C:/Program Files (x86)/Atmel/Studio/7.0/Packs/atmel/ATmega_DFP/1.2.132/gcc/dev/atmega32/avr5/crtatmega32.o
                0x00000054                __init
 *(.init0)
 *(.init1)
 *(.init1)
 *(.init2)
 .init2         0x00000054        0xc C:/Program Files (x86)/Atmel/Studio/7.0/Packs/atmel/ATmega_DFP/1.2.132/gcc/dev/atmega32/avr5/crtatmega32.o
 *(.init2)
 *(.init3)
 *(.init3)
 *(.init4)
 .init4         0x00000060       0x10 c:/program files (x86)/atmel/studio/7.0/toolchain/avr8/avr8-gnu-toolchain/bin/../lib/gcc/avr/5.4.0/avr5\libgcc.a(_clear_bss.o)
                0x00000060                __do_clear_bss
 *(.init4)
 *(.init5)
 *(.init5)
 *(.init6)
 *(.init6)
 *(.init7)
 *(.init7)
 *(.init8)
 *(.init8)
 *(.init9)
 .init9         0x00000070        0x8 C:/Program Files (x86)/Atmel/Studio/7.0/Packs/atmel/ATmega_DFP/1.2.132/gcc/dev/atmega32/avr5/crtatmega32.o
 *(.init9)
 *(.text)
 .text          0x00000078        0x4 C:/Program Files (x86)/Atmel/Studio/7.0/Packs/atmel/ATmega_DFP/1.2.132/gcc/dev/atmega32/avr5/crtatmega32.o
                0x00000078                __vector_12
                0x00000078                __bad_interrupt
                0x00000078                __vector_6
                0x00000078                __vector_3
                0x00000078                __vector_11
                0x00000078                __vector_13
                0x00000078                __vector_17
                0x00000078                __vector_19
                0x00000078                __vector_7
                0x00000078                __vector_5
                0x00000078                __vector_4
                0x00000078                __vector_9
                0x00000078                __vector_2
                0x00000078                __vector_15
                0x00000078                __vector_8
                0x00000078                __vector_14
                0x00000078                __vector_10
                0x00000078                __vector_18
                0x00000078                __vector_20
                0x0000007c                . = ALIGN (0x2)
 *(.text.*)
 .text.Dio_GroupSetDirection
                0x0000007c       0x5e Dio.o
                0x0000007c                Dio_GroupSetDirection
 .text.Dio_PortWrite
                0x000000da       0x2e Dio.o
                0x000000da                Dio_PortWrite
 .text.Dio_PinWrite
                0x00000108      0x116 Dio.o
                0x00000108                Dio_PinWrite
 .text.__vector_1
                0x0000021e       0x1e ISRs.o
                0x0000021e                __vector_1
 .text.LCD_Enable
                0x0000023c       0x22 LCD.o
                0x0000023c                LCD_Enable
 .text.LCD_Command
                0x0000025e       0x3e LCD.o
                0x0000025e                LCD_Command
 .text.LCD_Init
                0x0000029c       0x3a LCD.o
                0x0000029c                LCD_Init
 .text.LCD_Data
                0x000002d6       0x3e LCD.o
                0x000002d6                LCD_Data
 .text.LCD_DataString
                0x00000314       0x1e LCD.o
                0x00000314                LCD_DataString
 .text.LCD_Postion
                0x00000332       0x1e LCD.o
                0x00000332                LCD_Postion
 .text.main     0x00000350       0x7c main.o
                0x00000350                main
 .text.__vector_16
                0x000003cc       0x1e main.o
                0x000003cc                __vector_16
 .text.Decimal2String
                0x000003ea       0x46 StringHandler.o
                0x000003ea                Decimal2String
                0x00000430                . = ALIGN (0x2)
 *(.fini9)
 .fini9         0x00000430        0x0 c:/program files (x86)/atmel/studio/7.0/toolchain/avr8/avr8-gnu-toolchain/bin/../lib/gcc/avr/5.4.0/avr5\libgcc.a(_exit.o)
                0x00000430                _exit
                0x00000430                exit
 *(.fini9)
 *(.fini8)
 *(.fini8)
 *(.fini7)
 *(.fini7)
 *(.fini6)
 *(.fini6)
 *(.fini5)
 *(.fini5)
 *(.fini4)
 *(.fini4)
 *(.fini3)
 *(.fini3)
 *(.fini2)
 *(.fini2)
 *(.fini1)
 *(.fini1)
 *(.fini0)
 .fini0         0x00000430        0x4 c:/program files (x86)/atmel/studio/7.0/toolchain/avr8/avr8-gnu-toolchain/bin/../lib/gcc/avr/5.4.0/avr5\libgcc.a(_exit.o)
 *(.fini0)
                0x00000434                _etext = .

.data           0x00800060        0x0 load address 0x00000434
                [!provide]                PROVIDE (__data_start, .)
 *(.data)
 *(.data*)
 *(.rodata)
 *(.rodata*)
 *(.gnu.linkonce.d*)
                0x00800060                . = ALIGN (0x2)
                0x00800060                _edata = .
                [!provide]                PROVIDE (__data_end, .)

.bss            0x00800060        0x2
                0x00800060                PROVIDE (__bss_start, .)
 *(.bss)
 *(.bss*)
 .bss.INT0_flag
                0x00800060        0x1 ISRs.o
                0x00800060                INT0_flag
 .bss.ADC_Flag  0x00800061        0x1 main.o
                0x00800061                ADC_Flag
 *(COMMON)
                0x00800062                PROVIDE (__bss_end, .)
                0x00000434                __data_load_start = LOADADDR (.data)
                0x00000434                __data_load_end = (__data_load_start + SIZEOF (.data))

.noinit         0x00800062        0x0
                [!provide]                PROVIDE (__noinit_start, .)
 *(.noinit*)
                [!provide]                PROVIDE (__noinit_end, .)
                0x00800062                _end = .
                [!provide]                PROVIDE (__heap_start, .)

.eeprom         0x00810000        0x0
 *(.eeprom*)
                0x00810000                __eeprom_end = .

.fuse
 *(.fuse)
 *(.lfuse)
 *(.hfuse)
 *(.efuse)

.lock
 *(.lock*)

.signature
 *(.signature*)

.user_signatures
 *(.user_signatures*)

.stab
 *(.stab)

.stabstr
 *(.stabstr)

.stab.excl
 *(.stab.excl)

.stab.exclstr
 *(.stab.exclstr)

.stab.index
 *(.stab.index)

.stab.indexstr
 *(.stab.indexstr)

.comment        0x00000000       0x30
 *(.comment)
 .comment       0x00000000       0x30 Dio.o
                                 0x31 (size before relaxing)
 .comment       0x00000030       0x31 ISRs.o
 .comment       0x00000030       0x31 LCD.o
 .comment       0x00000030       0x31 main.o
 .comment       0x00000030       0x31 StringHandler.o

.note.gnu.avr.deviceinfo
                0x00000000       0x3c
 .note.gnu.avr.deviceinfo
                0x00000000       0x3c C:/Program Files (x86)/Atmel/Studio/7.0/Packs/atmel/ATmega_DFP/1.2.132/gcc/dev/atmega32/avr5/crtatmega32.o

.note.gnu.build-id
 *(.note.gnu.build-id)

.debug
 *(.debug)

.line
 *(.line)

.debug_srcinfo
 *(.debug_srcinfo)

.debug_sfnames
 *(.debug_sfnames)

.debug_aranges  0x00000000      0x178
 *(.debug_aranges)
 .debug_aranges
                0x00000000       0xc0 Dio.o
 .debug_aranges
                0x000000c0       0x20 ISRs.o
 .debug_aranges
                0x000000e0       0x48 LCD.o
 .debug_aranges
                0x00000128       0x28 main.o
 .debug_aranges
                0x00000150       0x28 StringHandler.o

.debug_pubnames
 *(.debug_pubnames)

.debug_info     0x00000000     0x1440
 *(.debug_info .gnu.linkonce.wi.*)
 .debug_info    0x00000000      0x4e6 C:/Program Files (x86)/Atmel/Studio/7.0/Packs/atmel/ATmega_DFP/1.2.132/gcc/dev/atmega32/avr5/crtatmega32.o
 .debug_info    0x000004e6      0x7d6 Dio.o
 .debug_info    0x00000cbc       0x95 ISRs.o
 .debug_info    0x00000d51      0x418 LCD.o
 .debug_info    0x00001169      0x1c5 main.o
 .debug_info    0x0000132e      0x112 StringHandler.o

.debug_abbrev   0x00000000      0x937
 *(.debug_abbrev)
 .debug_abbrev  0x00000000      0x4a3 C:/Program Files (x86)/Atmel/Studio/7.0/Packs/atmel/ATmega_DFP/1.2.132/gcc/dev/atmega32/avr5/crtatmega32.o
 .debug_abbrev  0x000004a3      0x10f Dio.o
 .debug_abbrev  0x000005b2       0x62 ISRs.o
 .debug_abbrev  0x00000614      0x16d LCD.o
 .debug_abbrev  0x00000781       0xf9 main.o
 .debug_abbrev  0x0000087a       0xbd StringHandler.o

.debug_line     0x00000000     0x11c3
 *(.debug_line .debug_line.* .debug_line_end)
 .debug_line    0x00000000      0x115 C:/Program Files (x86)/Atmel/Studio/7.0/Packs/atmel/ATmega_DFP/1.2.132/gcc/dev/atmega32/avr5/crtatmega32.o
 .debug_line    0x00000115      0xbf5 Dio.o
 .debug_line    0x00000d0a       0x54 ISRs.o
 .debug_line    0x00000d5e      0x250 LCD.o
 .debug_line    0x00000fae      0x166 main.o
 .debug_line    0x00001114       0xaf StringHandler.o

.debug_frame    0x00000000      0x2b0
 *(.debug_frame)
 .debug_frame   0x00000000      0x164 Dio.o
 .debug_frame   0x00000164       0x34 ISRs.o
 .debug_frame   0x00000198       0x90 LCD.o
 .debug_frame   0x00000228       0x54 main.o
 .debug_frame   0x0000027c       0x34 StringHandler.o

.debug_str      0x00000000      0x70d
 *(.debug_str)
 .debug_str     0x00000000      0x196 C:/Program Files (x86)/Atmel/Studio/7.0/Packs/atmel/ATmega_DFP/1.2.132/gcc/dev/atmega32/avr5/crtatmega32.o
 .debug_str     0x00000196      0x3b9 Dio.o
                                0x3f9 (size before relaxing)
 .debug_str     0x0000054f       0x75 ISRs.o
                                0x18d (size before relaxing)
 .debug_str     0x000005c4       0xbc LCD.o
                                0x280 (size before relaxing)
 .debug_str     0x00000680       0x5e main.o
                                0x1fd (size before relaxing)
 .debug_str     0x000006de       0x2f StringHandler.o
                                0x1ba (size before relaxing)

.debug_loc      0x00000000     0x17e7
 *(.debug_loc)
 .debug_loc     0x00000000     0x1417 Dio.o
 .debug_loc     0x00001417       0x3c ISRs.o
 .debug_loc     0x00001453      0x281 LCD.o
 .debug_loc     0x000016d4       0xb8 main.o
 .debug_loc     0x0000178c       0x5b StringHandler.o

.debug_macinfo
 *(.debug_macinfo)

.debug_weaknames
 *(.debug_weaknames)

.debug_funcnames
 *(.debug_funcnames)

.debug_typenames
 *(.debug_typenames)

.debug_varnames
 *(.debug_varnames)

.debug_pubtypes
 *(.debug_pubtypes)

.debug_ranges   0x00000000      0x128
 *(.debug_ranges)
 .debug_ranges  0x00000000       0xb0 Dio.o
 .debug_ranges  0x000000b0       0x10 ISRs.o
 .debug_ranges  0x000000c0       0x38 LCD.o
 .debug_ranges  0x000000f8       0x18 main.o
 .debug_ranges  0x00000110       0x18 StringHandler.o

.debug_macro
 *(.debug_macro)
OUTPUT(AMTI_AVR_Interfacing.elf elf32-avr)
LOAD linker stubs
